Microchip Technology Inc, v1.26 (A)

Tool Name:
  c:\program files (x86)\microchip\xc16\v1.26\bin\bin\..\bin/elf-ld.exe

Command:
  -p24FJ64GA004 \
  -o \
  dist/default/production/PIC24FJ64GA004.X.production.elf \
  -Lc:/program files (x86)/microchip/xc16/v1.26/bin/bin/.. \
  -Lc:/program files (x86)/microchip/xc16/v1.26/bin/bin/../../lib \
  -Lc:/program files (x86)/microchip/xc16/v1.26/bin/bin/../../lib/PIC24E \
  -Lc:/program files (x86)/microchip/xc16/v1.26/bin/bin/../../support/PIC24E/gld \
  -Lc:/program files (x86)/microchip/xc16/v1.26/bin/bin/../../lib/PIC24F \
  -Lc:/program files (x86)/microchip/xc16/v1.26/bin/bin/../../support/PIC24F/gld \
  -Lc:/program files (x86)/microchip/xc16/v1.26/bin/bin/../../lib/PIC24H \
  -Lc:/program files (x86)/microchip/xc16/v1.26/bin/bin/../../support/PIC24H/gld \
  -Lc:/program files (x86)/microchip/xc16/v1.26/bin/bin/../../lib/dsPIC30F \
  -Lc:/program files (x86)/microchip/xc16/v1.26/bin/bin/../../support/dsPIC30F/gld \
  -Lc:/program files (x86)/microchip/xc16/v1.26/bin/bin/../../lib/dsPIC33E \
  -Lc:/program files (x86)/microchip/xc16/v1.26/bin/bin/../../support/dsPIC33E/gld \
  -Lc:/program files (x86)/microchip/xc16/v1.26/bin/bin/../../lib/dsPIC33F \
  -Lc:/program files (x86)/microchip/xc16/v1.26/bin/bin/../../support/dsPIC33F/gld \
  build/default/production/main.o \
  build/default/production/UART.o \
  build/default/production/Peripheral_pin_select.o \
  build/default/production/Timer.o \
  build/default/production/Light_Data.o \
  --defsym=__MPLAB_BUILD=1 \
  -Tp24FJ64GA004.gld.00 \
  --stack=16 \
  --check-sections \
  --data-init \
  --pack-data \
  --handles \
  --isr \
  --no-gc-sections \
  --fill-upper=0 \
  --stackguard=16 \
  --no-force-link \
  --smart-io \
  -Map=dist/default/production/PIC24FJ64GA004.X.production.map \
  --report-mem \
  --memorysummary \
  dist/default/production/memoryfile.xml \
  -start-group \
  --library=pic30-elf \
  --library=m-elf \
  --library=c-elf \
  -end-group \

Archive member included because of file (symbol)

c:/program files (x86)/microchip/xc16/v1.26/bin/bin/../../lib\libpic30-elf.a(crt0_standard.o)
                              (__resetPRI)
c:/program files (x86)/microchip/xc16/v1.26/bin/bin/../../lib\libpic30-elf.a(data_init_standard.o)
                              c:/program files (x86)/microchip/xc16/v1.26/bin/bin/../../lib\libpic30-elf.a(crt0_standard.o) (__data_init_standard)
c:/program files (x86)/microchip/xc16/v1.26/bin/bin/../../lib\libpic30-elf.a(delay32.eo)
                              build/default/production/main.o (___delay32)
c:/program files (x86)/microchip/xc16/v1.26/bin/bin/../../lib\libm-elf.a(divsi3.eo)
                              build/default/production/Timer.o (___divsi3)
c:/program files (x86)/microchip/xc16/v1.26/bin/bin/../../lib\libm-elf.a(floatunsisf.eo)
                              build/default/production/Light_Data.o (___floatunsisf)
c:/program files (x86)/microchip/xc16/v1.26/bin/bin/../../lib\libm-elf.a(udivsi3.eo)
                              c:/program files (x86)/microchip/xc16/v1.26/bin/bin/../../lib\libm-elf.a(divsi3.eo) (___udivsi3)
c:/program files (x86)/microchip/xc16/v1.26/bin/bin/../../lib\libm-elf.a(floatundisf.eo)
                              c:/program files (x86)/microchip/xc16/v1.26/bin/bin/../../lib\libm-elf.a(floatunsisf.eo) (___floatundisf)
c:/program files (x86)/microchip/xc16/v1.26/bin/bin/../../lib\libm-elf.a(fpack.eo)
                              c:/program files (x86)/microchip/xc16/v1.26/bin/bin/../../lib\libm-elf.a(floatundisf.eo) (__fpack)
c:/program files (x86)/microchip/xc16/v1.26/bin/bin/../../lib\libc-elf.a(snprintf_fF.XXeo)
                              build/default/production/UART.o (__snprintf_fF)
c:/program files (x86)/microchip/xc16/v1.26/bin/bin/../../lib\libc-elf.a(vsnprintf_fF.XXeo)
                              c:/program files (x86)/microchip/xc16/v1.26/bin/bin/../../lib\libc-elf.a(snprintf_fF.XXeo) (__vsnprintf_fF)
c:/program files (x86)/microchip/xc16/v1.26/bin/bin/../../lib\libc-elf.a(doprnt_fF.XXeo)
                              c:/program files (x86)/microchip/xc16/v1.26/bin/bin/../../lib\libc-elf.a(vsnprintf_fF.XXeo) (__vfprintf_fF)
c:/program files (x86)/microchip/xc16/v1.26/bin/bin/../../lib\libc-elf.a(fputc.eo)
                              c:/program files (x86)/microchip/xc16/v1.26/bin/bin/../../lib\libc-elf.a(doprnt_fF.XXeo) (_fputc)
c:/program files (x86)/microchip/xc16/v1.26/bin/bin/../../lib\libc-elf.a(powers.eo)
                              c:/program files (x86)/microchip/xc16/v1.26/bin/bin/../../lib\libc-elf.a(doprnt_fF.XXeo) (__powers_)
c:/program files (x86)/microchip/xc16/v1.26/bin/bin/../../lib\libc-elf.a(_iob.eo)
                              c:/program files (x86)/microchip/xc16/v1.26/bin/bin/../../lib\libc-elf.a(fputc.eo) (__outdone)
c:/program files (x86)/microchip/xc16/v1.26/bin/bin/../../lib\libc-elf.a(flsbuf.eo)
                              c:/program files (x86)/microchip/xc16/v1.26/bin/bin/../../lib\libc-elf.a(fputc.eo) (__flsbuf)
c:/program files (x86)/microchip/xc16/v1.26/bin/bin/../../lib\libpic30-elf.a(write.eo)
                              c:/program files (x86)/microchip/xc16/v1.26/bin/bin/../../lib\libc-elf.a(fputc.eo) (_write)
c:/program files (x86)/microchip/xc16/v1.26/bin/bin/../../lib\libpic30-elf.a(c30_uart.eo)
                              c:/program files (x86)/microchip/xc16/v1.26/bin/bin/../../lib\libpic30-elf.a(write.eo) (___C30_UART)
c:/program files (x86)/microchip/xc16/v1.26/bin/bin/../../lib\libm-elf.a(adddf3.eo)
                              c:/program files (x86)/microchip/xc16/v1.26/bin/bin/../../lib\libc-elf.a(doprnt_fF.XXeo) (___adddf3)
c:/program files (x86)/microchip/xc16/v1.26/bin/bin/../../lib\libm-elf.a(deqltle.eo)
                              c:/program files (x86)/microchip/xc16/v1.26/bin/bin/../../lib\libc-elf.a(doprnt_fF.XXeo) (___ltdf2)
c:/program files (x86)/microchip/xc16/v1.26/bin/bin/../../lib\libm-elf.a(dgtge.eo)
                              c:/program files (x86)/microchip/xc16/v1.26/bin/bin/../../lib\libc-elf.a(doprnt_fF.XXeo) (___gedf2)
c:/program files (x86)/microchip/xc16/v1.26/bin/bin/../../lib\libm-elf.a(divdf3.eo)
                              c:/program files (x86)/microchip/xc16/v1.26/bin/bin/../../lib\libc-elf.a(doprnt_fF.XXeo) (___divdf3)
c:/program files (x86)/microchip/xc16/v1.26/bin/bin/../../lib\libm-elf.a(dne.eo)
                              c:/program files (x86)/microchip/xc16/v1.26/bin/bin/../../lib\libc-elf.a(doprnt_fF.XXeo) (___nedf2)
c:/program files (x86)/microchip/xc16/v1.26/bin/bin/../../lib\libm-elf.a(dpack.eo)
                              c:/program files (x86)/microchip/xc16/v1.26/bin/bin/../../lib\libm-elf.a(adddf3.eo) (__dpack)
c:/program files (x86)/microchip/xc16/v1.26/bin/bin/../../lib\libm-elf.a(dunpack2.eo)
                              c:/program files (x86)/microchip/xc16/v1.26/bin/bin/../../lib\libm-elf.a(adddf3.eo) (__dunpack2)
c:/program files (x86)/microchip/xc16/v1.26/bin/bin/../../lib\libm-elf.a(extendsfdf.eo)
                              c:/program files (x86)/microchip/xc16/v1.26/bin/bin/../../lib\libc-elf.a(doprnt_fF.XXeo) (___extendsfdf2)
c:/program files (x86)/microchip/xc16/v1.26/bin/bin/../../lib\libm-elf.a(fixunsdfdi.eo)
                              c:/program files (x86)/microchip/xc16/v1.26/bin/bin/../../lib\libc-elf.a(doprnt_fF.XXeo) (___fixunsdfdi)
c:/program files (x86)/microchip/xc16/v1.26/bin/bin/../../lib\libm-elf.a(floatundidf.eo)
                              c:/program files (x86)/microchip/xc16/v1.26/bin/bin/../../lib\libc-elf.a(doprnt_fF.XXeo) (___floatundidf)
c:/program files (x86)/microchip/xc16/v1.26/bin/bin/../../lib\libm-elf.a(frexp.eo)
                              c:/program files (x86)/microchip/xc16/v1.26/bin/bin/../../lib\libc-elf.a(doprnt_fF.XXeo) (_frexpl)
c:/program files (x86)/microchip/xc16/v1.26/bin/bin/../../lib\libm-elf.a(funpack.eo)
                              c:/program files (x86)/microchip/xc16/v1.26/bin/bin/../../lib\libm-elf.a(extendsfdf.eo) (__funpack)
c:/program files (x86)/microchip/xc16/v1.26/bin/bin/../../lib\libm-elf.a(muldf3.eo)
                              c:/program files (x86)/microchip/xc16/v1.26/bin/bin/../../lib\libc-elf.a(doprnt_fF.XXeo) (___muldf3)
c:/program files (x86)/microchip/xc16/v1.26/bin/bin/../../lib\libm-elf.a(subdf3.eo)
                              c:/program files (x86)/microchip/xc16/v1.26/bin/bin/../../lib\libc-elf.a(doprnt_fF.XXeo) (___subdf3)
c:/program files (x86)/microchip/xc16/v1.26/bin/bin/../../lib\libm-elf.a(mulsi3.eo)
                              c:/program files (x86)/microchip/xc16/v1.26/bin/bin/../../lib\libc-elf.a(doprnt_fF.XXeo) (___mulsi3)
c:/program files (x86)/microchip/xc16/v1.26/bin/bin/../../lib\libm-elf.a(divmoddi3.eo)
                              c:/program files (x86)/microchip/xc16/v1.26/bin/bin/../../lib\libc-elf.a(doprnt_fF.XXeo) (___udivdi3)
c:/program files (x86)/microchip/xc16/v1.26/bin/bin/../../lib\libm-elf.a(muldi3.eo)
                              c:/program files (x86)/microchip/xc16/v1.26/bin/bin/../../lib\libc-elf.a(doprnt_fF.XXeo) (___muldi3)
c:/program files (x86)/microchip/xc16/v1.26/bin/bin/../../lib\libm-elf.a(dcompare.eo)
                              c:/program files (x86)/microchip/xc16/v1.26/bin/bin/../../lib\libm-elf.a(deqltle.eo) (__dcompare)
c:/program files (x86)/microchip/xc16/v1.26/bin/bin/../../lib\libm-elf.a(dpropagateNaN.eo)
                              c:/program files (x86)/microchip/xc16/v1.26/bin/bin/../../lib\libm-elf.a(dunpack2.eo) (__dPropagateNaN)
c:/program files (x86)/microchip/xc16/v1.26/bin/bin/../../lib\libm-elf.a(dtype.eo)
                              c:/program files (x86)/microchip/xc16/v1.26/bin/bin/../../lib\libm-elf.a(dcompare.eo) (__dtype)
c:/program files (x86)/microchip/xc16/v1.26/bin/bin/../../lib\libm-elf.a(dunpack.eo)
                              c:/program files (x86)/microchip/xc16/v1.26/bin/bin/../../lib\libm-elf.a(dunpack2.eo) (__dunpack)
c:/program files (x86)/microchip/xc16/v1.26/bin/bin/../../lib\libm-elf.a(umuldi3.eo)
                              c:/program files (x86)/microchip/xc16/v1.26/bin/bin/../../lib\libm-elf.a(muldi3.eo) (___umuldi3)


xc16-ld 1.26 (A)

Program Memory  [Origin = 0x200, Length = 0xa9fc]

section                    address   length (PC units)   length (bytes) (dec)
-------                    -------   -----------------   --------------------
.text                        0x200              0x16ee          0x2265  (8805)
.const                      0x18ee                 0xc            0x12  (18)
.text                       0x18fa               0x218           0x324  (804)
.dinit                      0x1b12               0x1ac           0x282  (642)
.text                       0x1cbe               0x25a           0x387  (903)
.init.delay32               0x1f18                0x1c            0x2a  (42)
.shared.dinit               0x1f34                 0x2             0x3  (3)

                 Total program memory used (bytes):         0x2bd1  (11217) 17%


Ivt Memory  [Origin = 0x4, Length = 0xfc]

section                    address   length (PC units)   length (bytes) (dec)
-------                    -------   -----------------   --------------------
.ivt._T1Interrupt             0x1a                 0x2             0x3  (3)
.ivt._INT1Interrupt           0x3c                 0x2             0x3  (3)


Data Memory  [Origin = 0x800, Length = 0x2000]

section                    address      alignment gaps    total length  (dec)
-------                    -------      --------------    -------------------
.ndata                       0x800                   0             0x2  (2)
.data                        0x802                   0           0x23e  (574)
.bss                         0xa40                   0             0x6  (6)
.data                        0xa46                   0             0x2  (2)

                 Total data memory used (bytes):          0x248  (584) 7%


Dynamic Memory Usage

region                     address                      maximum length  (dec)
------                     -------                      ---------------------
heap                             0                                   0  (0)
stack                        0xa48                              0x1db8  (7608)

                 Maximum dynamic memory (bytes):         0x1db8  (7608)


External Symbols in Data Memory (by address):

                    0x0800                  _Fs
                    0x0802                  __powers_
                    0x08b2                  __npowers_
                    0x0a1a                  __iob
                    0x0a3e                  __Files
                    0x0a40                  __outdone
                    0x0a41                  __sibuf
                    0x0a43                  __sobuf
                    0x0a46                  ___C30_UART

External Symbols in Data Memory (by name):

                    0x0800                  _Fs
                    0x0a3e                  __Files
                    0x0a46                  ___C30_UART
                    0x0a1a                  __iob
                    0x08b2                  __npowers_
                    0x0a40                  __outdone
                    0x0802                  __powers_
                    0x0a41                  __sibuf
                    0x0a43                  __sobuf

External Symbols in Program Memory (by address):

                  0x000200                  __resetPRI
                  0x00022c                  __psv_init
                  0x00023c                  __data_init
                  0x00023c                  __data_init_standard
                  0x0002a8                  __DefaultInterrupt
                  0x000308                  ___divsi3
                  0x000326                  ___floatunsisf
                  0x00032a                  ___udivsi3
                  0x00034a                  ___floatundisf
                  0x0003a8                  __fpack
                  0x0003f4                  __snprintf_fF
                  0x000400                  __vsnprintf_fF
                  0x0005ba                  __vfprintf_fF
                  0x0010ca                  ___adddf3
                  0x0011c4                  ___eqdf2
                  0x0011c4                  ___ledf2
                  0x0011c4                  ___ltdf2
                  0x0011ce                  ___gedf2
                  0x0011ce                  ___gtdf2
                  0x0011d8                  ___divdf3
                  0x00128c                  ___nedf2
                  0x001296                  __dpack
                  0x0012ee                  __dunpack2
                  0x001310                  __dreturnNaN
                  0x001316                  __dunpack2exit
                  0x001320                  ___extendsfdf2
                  0x00135e                  ___fixunsdfdi
                  0x0013c0                  ___floatundidf
                  0x001416                  _frexpl
                  0x001416                  _frexp
                  0x001450                  __funpack
                  0x00147a                  ___muldf3
                  0x001564                  ___subdf3
                  0x001568                  ___mulp32eds3
                  0x001568                  ___mulsi3
                  0x001568                  ___mulp32peds3
                  0x0015c0                  ___udivmoddi3
                  0x0016a6                  ___udivdi3
                  0x0016b4                  ___umoddi3
                  0x0016bc                  ___divdi3
                  0x00171c                  ___moddi3
                  0x001778                  ___muldi3
                  0x0017ca                  __dcompare
                  0x00181c                  __dPropagateNaN
                  0x001838                  __dtype
                  0x00185c                  __dunpack
                  0x0018aa                  ___umuldi3
                  0x0018fa                  _UART1_mapping
                  0x001ad0                  _ExtInterrupt1_mapping
                  0x001cbe                  _UART1_init
                  0x001cfc                  _UART2_init
                  0x001d3a                  _UART1_write_byte
                  0x001d52                  _UART2_write_byte
                  0x001d6a                  _UART1_write_string
                  0x001d84                  _UART2_write_string
                  0x001d9e                  _UART1_write_number
                  0x001dc0                  _UART2_write_number
                  0x001de2                  _main
                  0x001e46                  __T1Interrupt
                  0x001e74                  __INT1Interrupt
                  0x001ea0                  _Config_Timer1
                  0x001eea                  _Config_Light_Sensor
                  0x001f0c                  _Light_Sensor_Data_Receiving
                  0x001f12                  _Light_Sensor_Byte_Receiving
                  0x001f18                  ___delay32

External Symbols in Program Memory (by name):

                  0x001eea                  _Config_Light_Sensor
                  0x001ea0                  _Config_Timer1
                  0x001ad0                  _ExtInterrupt1_mapping
                  0x001f12                  _Light_Sensor_Byte_Receiving
                  0x001f0c                  _Light_Sensor_Data_Receiving
                  0x001cbe                  _UART1_init
                  0x0018fa                  _UART1_mapping
                  0x001d3a                  _UART1_write_byte
                  0x001d9e                  _UART1_write_number
                  0x001d6a                  _UART1_write_string
                  0x001cfc                  _UART2_init
                  0x001d52                  _UART2_write_byte
                  0x001dc0                  _UART2_write_number
                  0x001d84                  _UART2_write_string
                  0x0002a8                  __DefaultInterrupt
                  0x001e74                  __INT1Interrupt
                  0x001e46                  __T1Interrupt
                  0x0010ca                  ___adddf3
                  0x001f18                  ___delay32
                  0x0011d8                  ___divdf3
                  0x0016bc                  ___divdi3
                  0x000308                  ___divsi3
                  0x0011c4                  ___eqdf2
                  0x001320                  ___extendsfdf2
                  0x00135e                  ___fixunsdfdi
                  0x0013c0                  ___floatundidf
                  0x00034a                  ___floatundisf
                  0x000326                  ___floatunsisf
                  0x0011ce                  ___gedf2
                  0x0011ce                  ___gtdf2
                  0x0011c4                  ___ledf2
                  0x0011c4                  ___ltdf2
                  0x00171c                  ___moddi3
                  0x00147a                  ___muldf3
                  0x001778                  ___muldi3
                  0x001568                  ___mulp32eds3
                  0x001568                  ___mulp32peds3
                  0x001568                  ___mulsi3
                  0x00128c                  ___nedf2
                  0x001564                  ___subdf3
                  0x0016a6                  ___udivdi3
                  0x0015c0                  ___udivmoddi3
                  0x00032a                  ___udivsi3
                  0x0016b4                  ___umoddi3
                  0x0018aa                  ___umuldi3
                  0x00181c                  __dPropagateNaN
                  0x00023c                  __data_init
                  0x00023c                  __data_init_standard
                  0x0017ca                  __dcompare
                  0x001296                  __dpack
                  0x001310                  __dreturnNaN
                  0x001838                  __dtype
                  0x00185c                  __dunpack
                  0x0012ee                  __dunpack2
                  0x001316                  __dunpack2exit
                  0x0003a8                  __fpack
                  0x001450                  __funpack
                  0x00022c                  __psv_init
                  0x000200                  __resetPRI
                  0x0003f4                  __snprintf_fF
                  0x0005ba                  __vfprintf_fF
                  0x000400                  __vsnprintf_fF
                  0x001416                  _frexp
                  0x001416                  _frexpl
                  0x001de2                  _main

Memory Configuration

Name             Origin             Length             Attributes
data             0x000800           0x002000           a !xr
reset            0x000000           0x000004  
ivt              0x000004           0x0000fc  
_reserved        0x000100           0x000004  
aivt             0x000104           0x0000fc  
program          0x000200           0x00a9fc           xr
CONFIG2          0x00abfc           0x000002  
CONFIG1          0x00abfe           0x000002  
*default*        0x000000           0xffffffff  

Linker script and memory map

LOAD build/default/production/main.o
LOAD build/default/production/UART.o
LOAD build/default/production/Peripheral_pin_select.o
LOAD build/default/production/Timer.o
LOAD build/default/production/Light_Data.o
                    0x0001                  __MPLAB_BUILD = 0x1
LOAD c:/program files (x86)/microchip/xc16/v1.26/bin/bin/../../lib/PIC24F\libpPIC24Fxxx-elf.a
LOAD c:/program files (x86)/microchip/xc16/v1.26/bin/bin/../../lib\libfx-elf.a
                    0xabfc                  __CONFIG2 = 0xabfc
                    0xabfe                  __CONFIG1 = 0xabfe
                    0x0001                  __NO_HANDLES = 0x1
                    0x0200                  __CODE_BASE = 0x200
                    0xa9fc                  __CODE_LENGTH = 0xa9fc
                    0x0004                  __IVT_BASE = 0x4
                    0x0104                  __AIVT_BASE = 0x104
                    0x0800                  __DATA_BASE = 0x800
                    0x2000                  __DATA_LENGTH = 0x2000

.reset            0x000000          0x4
                  0x000000          0x2 SHORT 0x200 ABSOLUTE (__reset)
                  0x000001          0x2 SHORT 0x4
                  0x000002          0x2 SHORT 0x0 ((ABSOLUTE (__reset) >> 0x10) & 0x7f)
                  0x000003          0x2 SHORT 0x0

.text             0x000200       0x16ee
 *(.init)
 .init            0x000200         0x3c c:/program files (x86)/microchip/xc16/v1.26/bin/bin/../../lib\libpic30-elf.a(crt0_standard.o)
                  0x000200                  __resetPRI
                  0x000200                  __reset
                  0x00022c                  __psv_init
 .init            0x00023c         0x6c c:/program files (x86)/microchip/xc16/v1.26/bin/bin/../../lib\libpic30-elf.a(data_init_standard.o)
                  0x00023c                  __data_init_standard
                  0x00023c                  __data_init
 *(.user_init)
 *(.handle)
 *(.isr*)
 .isr             0x0002a8          0x4 default_isr
                  0x0002a8                  __DefaultInterrupt
 *(.libc)
 .libc            0x0002ac         0x5c c:/program files (x86)/microchip/xc16/v1.26/bin/bin/../../lib\libpic30-elf.a(write.eo)
                  0x0002ac                  _write
 *(.libm)
 *(.libdsp)
 *(.lib*)
 .libm.divsi3     0x000308         0x1e c:/program files (x86)/microchip/xc16/v1.26/bin/bin/../../lib\libm-elf.a(divsi3.eo)
                  0x000308                  ___divsi3
 .libm.floatunsisf
                  0x000326          0x4 c:/program files (x86)/microchip/xc16/v1.26/bin/bin/../../lib\libm-elf.a(floatunsisf.eo)
                  0x000326                  ___floatunsisf
 .libm.udivsi3    0x00032a         0x20 c:/program files (x86)/microchip/xc16/v1.26/bin/bin/../../lib\libm-elf.a(udivsi3.eo)
                  0x00032a                  ___udivsi3
 .libm.floatundisf
                  0x00034a         0x5e c:/program files (x86)/microchip/xc16/v1.26/bin/bin/../../lib\libm-elf.a(floatundisf.eo)
                  0x00034a                  ___floatundisf
 .libm.fpack      0x0003a8         0x4c c:/program files (x86)/microchip/xc16/v1.26/bin/bin/../../lib\libm-elf.a(fpack.eo)
                  0x0003a8                  __fpack
 .libc._snprintf_fF
                  0x0003f4          0xc c:/program files (x86)/microchip/xc16/v1.26/bin/bin/../../lib\libc-elf.a(snprintf_fF.XXeo)
                  0x0003f4                  __snprintf_fF
 .libc._vsnprintf_fF
                  0x000400         0x2a c:/program files (x86)/microchip/xc16/v1.26/bin/bin/../../lib\libc-elf.a(vsnprintf_fF.XXeo)
                  0x000400                  __vsnprintf_fF
 .libc.fround     0x00042a         0xba c:/program files (x86)/microchip/xc16/v1.26/bin/bin/../../lib\libc-elf.a(doprnt_fF.XXeo)
 .libc.scale      0x0004e4         0xc4 c:/program files (x86)/microchip/xc16/v1.26/bin/bin/../../lib\libc-elf.a(doprnt_fF.XXeo)
 .libc.sputc      0x0005a8         0x12 c:/program files (x86)/microchip/xc16/v1.26/bin/bin/../../lib\libc-elf.a(doprnt_fF.XXeo)
 .libc._vfprintf_fF
                  0x0005ba        0xa08 c:/program files (x86)/microchip/xc16/v1.26/bin/bin/../../lib\libc-elf.a(doprnt_fF.XXeo)
                  0x0005ba                  __vfprintf_fF
 .libc.fputc      0x000fc2         0x86 c:/program files (x86)/microchip/xc16/v1.26/bin/bin/../../lib\libc-elf.a(fputc.eo)
                  0x000fc2                  _fputc
 .libc._flsbuf    0x001048         0x7e c:/program files (x86)/microchip/xc16/v1.26/bin/bin/../../lib\libc-elf.a(flsbuf.eo)
                  0x001048                  __flsbuf
 .libc.dowrite    0x0010c6          0x4 c:/program files (x86)/microchip/xc16/v1.26/bin/bin/../../lib\libpic30-elf.a(write.eo)
 .libm.adddf3     0x0010ca         0xfa c:/program files (x86)/microchip/xc16/v1.26/bin/bin/../../lib\libm-elf.a(adddf3.eo)
                  0x0010ca                  ___adddf3
 .libm.eqdf2      0x0011c4          0xa c:/program files (x86)/microchip/xc16/v1.26/bin/bin/../../lib\libm-elf.a(deqltle.eo)
                  0x0011c4                  ___eqdf2
                  0x0011c4                  ___ltdf2
                  0x0011c4                  ___ledf2
 .libm.gtdf2      0x0011ce          0xa c:/program files (x86)/microchip/xc16/v1.26/bin/bin/../../lib\libm-elf.a(dgtge.eo)
                  0x0011ce                  ___gtdf2
                  0x0011ce                  ___gedf2
 .libm.divdf3     0x0011d8         0xb4 c:/program files (x86)/microchip/xc16/v1.26/bin/bin/../../lib\libm-elf.a(divdf3.eo)
                  0x0011d8                  ___divdf3
 .libm.nedf2      0x00128c          0xa c:/program files (x86)/microchip/xc16/v1.26/bin/bin/../../lib\libm-elf.a(dne.eo)
                  0x00128c                  ___nedf2
 .libm.dpack      0x001296         0x58 c:/program files (x86)/microchip/xc16/v1.26/bin/bin/../../lib\libm-elf.a(dpack.eo)
                  0x001296                  __dpack
 .libm.dunpack2
                  0x0012ee         0x32 c:/program files (x86)/microchip/xc16/v1.26/bin/bin/../../lib\libm-elf.a(dunpack2.eo)
                  0x0012ee                  __dunpack2
                  0x001310                  __dreturnNaN
                  0x001316                  __dunpack2exit
 .libm.extendsfdf2
                  0x001320         0x3e c:/program files (x86)/microchip/xc16/v1.26/bin/bin/../../lib\libm-elf.a(extendsfdf.eo)
                  0x001320                  ___extendsfdf2
 .libm.fixunsdfdi
                  0x00135e         0x62 c:/program files (x86)/microchip/xc16/v1.26/bin/bin/../../lib\libm-elf.a(fixunsdfdi.eo)
                  0x00135e                  ___fixunsdfdi
 .libm.floatundidf
                  0x0013c0         0x56 c:/program files (x86)/microchip/xc16/v1.26/bin/bin/../../lib\libm-elf.a(floatundidf.eo)
                  0x0013c0                  ___floatundidf
 .libm.frexp      0x001416         0x3a c:/program files (x86)/microchip/xc16/v1.26/bin/bin/../../lib\libm-elf.a(frexp.eo)
                  0x001416                  _frexp
                  0x001416                  _frexpl
 .libm.funpack    0x001450         0x2a c:/program files (x86)/microchip/xc16/v1.26/bin/bin/../../lib\libm-elf.a(funpack.eo)
                  0x001450                  __funpack
 .libm.muldf3     0x00147a         0xea c:/program files (x86)/microchip/xc16/v1.26/bin/bin/../../lib\libm-elf.a(muldf3.eo)
                  0x00147a                  ___muldf3
 .libm.subdf3     0x001564          0x4 c:/program files (x86)/microchip/xc16/v1.26/bin/bin/../../lib\libm-elf.a(subdf3.eo)
                  0x001564                  ___subdf3
 .libm.mulsi3     0x001568          0xc c:/program files (x86)/microchip/xc16/v1.26/bin/bin/../../lib\libm-elf.a(mulsi3.eo)
                  0x001568                  ___mulp32peds3
                  0x001568                  ___mulsi3
                  0x001568                  ___mulp32eds3
 .libm.__PplusBdi
                  0x001574         0x26 c:/program files (x86)/microchip/xc16/v1.26/bin/bin/../../lib\libm-elf.a(divmoddi3.eo)
 .libm.__PminusBdi
                  0x00159a         0x26 c:/program files (x86)/microchip/xc16/v1.26/bin/bin/../../lib\libm-elf.a(divmoddi3.eo)
 .libm.__udivmoddi3
                  0x0015c0         0xe6 c:/program files (x86)/microchip/xc16/v1.26/bin/bin/../../lib\libm-elf.a(divmoddi3.eo)
                  0x0015c0                  ___udivmoddi3
 .libm.__udivdi3
                  0x0016a6          0xe c:/program files (x86)/microchip/xc16/v1.26/bin/bin/../../lib\libm-elf.a(divmoddi3.eo)
                  0x0016a6                  ___udivdi3
 .libm.__umoddi3
                  0x0016b4          0x8 c:/program files (x86)/microchip/xc16/v1.26/bin/bin/../../lib\libm-elf.a(divmoddi3.eo)
                  0x0016b4                  ___umoddi3
 .libm.__divdi3
                  0x0016bc         0x60 c:/program files (x86)/microchip/xc16/v1.26/bin/bin/../../lib\libm-elf.a(divmoddi3.eo)
                  0x0016bc                  ___divdi3
 .libm.__moddi3
                  0x00171c         0x5c c:/program files (x86)/microchip/xc16/v1.26/bin/bin/../../lib\libm-elf.a(divmoddi3.eo)
                  0x00171c                  ___moddi3
 .libm.__muldi3
                  0x001778         0x52 c:/program files (x86)/microchip/xc16/v1.26/bin/bin/../../lib\libm-elf.a(muldi3.eo)
                  0x001778                  ___muldi3
 .libm.dcompare
                  0x0017ca         0x52 c:/program files (x86)/microchip/xc16/v1.26/bin/bin/../../lib\libm-elf.a(dcompare.eo)
                  0x0017ca                  __dcompare
 .libm.dPropagateNaN
                  0x00181c         0x1c c:/program files (x86)/microchip/xc16/v1.26/bin/bin/../../lib\libm-elf.a(dpropagateNaN.eo)
                  0x00181c                  __dPropagateNaN
 .libm.dtype      0x001838         0x24 c:/program files (x86)/microchip/xc16/v1.26/bin/bin/../../lib\libm-elf.a(dtype.eo)
                  0x001838                  __dtype
 .libm.dunpack    0x00185c         0x4e c:/program files (x86)/microchip/xc16/v1.26/bin/bin/../../lib\libm-elf.a(dunpack.eo)
                  0x00185c                  __dunpack
 .libm.umuldi3    0x0018aa         0x44 c:/program files (x86)/microchip/xc16/v1.26/bin/bin/../../lib\libm-elf.a(umuldi3.eo)
                  0x0018aa                  ___umuldi3

usercode
 *(usercode)

__CONFIG2
 *(__CONFIG2.sec*)

__CONFIG1
 *(__CONFIG1.sec*)

.comment
 *(.comment)

.debug_info       0x000000       0x37a5
 *(.debug_info)
 .debug_info      0x000000        0x8b6 build/default/production/main.o
 .debug_info      0x0008b6        0xcaf build/default/production/UART.o
 .debug_info      0x001565       0x166b build/default/production/Peripheral_pin_select.o
 .debug_info      0x002bd0        0x69f build/default/production/Timer.o
 .debug_info      0x00326f        0x536 build/default/production/Light_Data.o
 *(.gnu.linkonce.wi.*)

.debug_abbrev     0x000000        0x506
 *(.debug_abbrev)
 .debug_abbrev    0x000000        0x102 build/default/production/main.o
 .debug_abbrev    0x000102        0x11d build/default/production/UART.o
 .debug_abbrev    0x00021f         0xc9 build/default/production/Peripheral_pin_select.o
 .debug_abbrev    0x0002e8         0xfc build/default/production/Timer.o
 .debug_abbrev    0x0003e4        0x122 build/default/production/Light_Data.o

.debug_line       0x000000        0x3a9
 *(.debug_line)
 .debug_line      0x000000         0xad build/default/production/main.o
 .debug_line      0x0000ad         0xce build/default/production/UART.o
 .debug_line      0x00017b         0xe7 build/default/production/Peripheral_pin_select.o
 .debug_line      0x000262         0x9a build/default/production/Timer.o
 .debug_line      0x0002fc         0xad build/default/production/Light_Data.o

.debug_frame      0x000000        0x272
 *(.debug_frame)
 .debug_frame     0x000000         0x7e build/default/production/main.o
 .debug_frame     0x00007e        0x110 build/default/production/UART.o
 .debug_frame     0x00018e         0x4c build/default/production/Peripheral_pin_select.o
 .debug_frame     0x0001da         0x30 build/default/production/Timer.o
 .debug_frame     0x00020a         0x68 build/default/production/Light_Data.o

.debug_str        0x000000        0x178
 *(.debug_str)
 .debug_str       0x000000         0x30 build/default/production/main.o
 .debug_str       0x000030         0x60 build/default/production/UART.o
 .debug_str       0x000090         0x9c build/default/production/Peripheral_pin_select.o
 .debug_str       0x00012c         0x25 build/default/production/Timer.o
 .debug_str       0x000151         0x27 build/default/production/Light_Data.o

.debug_loc
 *(.debug_loc)

.debug_macinfo
 *(.debug_macinfo)

.debug_pubnames
                  0x000000        0x1c8
 *(.debug_pubnames)
 .debug_pubnames
                  0x000000         0x46 build/default/production/main.o
 .debug_pubnames
                  0x000046         0xb6 build/default/production/UART.o
 .debug_pubnames
                  0x0000fc         0x3e build/default/production/Peripheral_pin_select.o
 .debug_pubnames
                  0x00013a         0x24 build/default/production/Timer.o
 .debug_pubnames
                  0x00015e         0x6a build/default/production/Light_Data.o

.debug_ranges
 *(.debug_ranges)

.debug_aranges    0x000000         0x78
 *(.debug_aranges)
 .debug_aranges
                  0x000000         0x18 build/default/production/main.o
 .debug_aranges
                  0x000018         0x18 build/default/production/UART.o
 .debug_aranges
                  0x000030         0x18 build/default/production/Peripheral_pin_select.o
 .debug_aranges
                  0x000048         0x18 build/default/production/Timer.o
 .debug_aranges
                  0x000060         0x18 build/default/production/Light_Data.o
                    0x0000                  WREG0 = 0x0
                    0x0000                  _WREG0 = 0x0
                    0x0002                  WREG1 = 0x2
                    0x0002                  _WREG1 = 0x2
                    0x0004                  WREG2 = 0x4
                    0x0004                  _WREG2 = 0x4
                    0x0006                  WREG3 = 0x6
                    0x0006                  _WREG3 = 0x6
                    0x0008                  WREG4 = 0x8
                    0x0008                  _WREG4 = 0x8
                    0x000a                  WREG5 = 0xa
                    0x000a                  _WREG5 = 0xa
                    0x000c                  WREG6 = 0xc
                    0x000c                  _WREG6 = 0xc
                    0x000e                  WREG7 = 0xe
                    0x000e                  _WREG7 = 0xe
                    0x0010                  WREG8 = 0x10
                    0x0010                  _WREG8 = 0x10
                    0x0012                  WREG9 = 0x12
                    0x0012                  _WREG9 = 0x12
                    0x0014                  WREG10 = 0x14
                    0x0014                  _WREG10 = 0x14
                    0x0016                  WREG11 = 0x16
                    0x0016                  _WREG11 = 0x16
                    0x0018                  WREG12 = 0x18
                    0x0018                  _WREG12 = 0x18
                    0x001a                  WREG13 = 0x1a
                    0x001a                  _WREG13 = 0x1a
                    0x001c                  WREG14 = 0x1c
                    0x001c                  _WREG14 = 0x1c
                    0x001e                  WREG15 = 0x1e
                    0x001e                  _WREG15 = 0x1e
                    0x0020                  SPLIM = 0x20
                    0x0020                  _SPLIM = 0x20
                    0x002e                  PCL = 0x2e
                    0x002e                  _PCL = 0x2e
                    0x0030                  PCH = 0x30
                    0x0030                  _PCH = 0x30
                    0x0032                  TBLPAG = 0x32
                    0x0032                  _TBLPAG = 0x32
                    0x0034                  PSVPAG = 0x34
                    0x0034                  _PSVPAG = 0x34
                    0x0036                  RCOUNT = 0x36
                    0x0036                  _RCOUNT = 0x36
                    0x0042                  SR = 0x42
                    0x0042                  _SR = 0x42
                    0x0042                  _SRbits = 0x42
                    0x0044                  CORCON = 0x44
                    0x0044                  _CORCON = 0x44
                    0x0044                  _CORCONbits = 0x44
                    0x0052                  DISICNT = 0x52
                    0x0052                  _DISICNT = 0x52
                    0x0060                  CNEN1 = 0x60
                    0x0060                  _CNEN1 = 0x60
                    0x0060                  _CNEN1bits = 0x60
                    0x0062                  CNEN2 = 0x62
                    0x0062                  _CNEN2 = 0x62
                    0x0062                  _CNEN2bits = 0x62
                    0x0068                  CNPU1 = 0x68
                    0x0068                  _CNPU1 = 0x68
                    0x0068                  _CNPU1bits = 0x68
                    0x006a                  CNPU2 = 0x6a
                    0x006a                  _CNPU2 = 0x6a
                    0x006a                  _CNPU2bits = 0x6a
                    0x0080                  INTCON1 = 0x80
                    0x0080                  _INTCON1 = 0x80
                    0x0080                  _INTCON1bits = 0x80
                    0x0082                  INTCON2 = 0x82
                    0x0082                  _INTCON2 = 0x82
                    0x0082                  _INTCON2bits = 0x82
                    0x0084                  IFS0 = 0x84
                    0x0084                  _IFS0 = 0x84
                    0x0084                  _IFS0bits = 0x84
                    0x0086                  IFS1 = 0x86
                    0x0086                  _IFS1 = 0x86
                    0x0086                  _IFS1bits = 0x86
                    0x0088                  IFS2 = 0x88
                    0x0088                  _IFS2 = 0x88
                    0x0088                  _IFS2bits = 0x88
                    0x008a                  IFS3 = 0x8a
                    0x008a                  _IFS3 = 0x8a
                    0x008a                  _IFS3bits = 0x8a
                    0x008c                  IFS4 = 0x8c
                    0x008c                  _IFS4 = 0x8c
                    0x008c                  _IFS4bits = 0x8c
                    0x0094                  IEC0 = 0x94
                    0x0094                  _IEC0 = 0x94
                    0x0094                  _IEC0bits = 0x94
                    0x0096                  IEC1 = 0x96
                    0x0096                  _IEC1 = 0x96
                    0x0096                  _IEC1bits = 0x96
                    0x0098                  IEC2 = 0x98
                    0x0098                  _IEC2 = 0x98
                    0x0098                  _IEC2bits = 0x98
                    0x009a                  IEC3 = 0x9a
                    0x009a                  _IEC3 = 0x9a
                    0x009a                  _IEC3bits = 0x9a
                    0x009c                  IEC4 = 0x9c
                    0x009c                  _IEC4 = 0x9c
                    0x009c                  _IEC4bits = 0x9c
                    0x00a4                  IPC0 = 0xa4
                    0x00a4                  _IPC0 = 0xa4
                    0x00a4                  _IPC0bits = 0xa4
                    0x00a6                  IPC1 = 0xa6
                    0x00a6                  _IPC1 = 0xa6
                    0x00a6                  _IPC1bits = 0xa6
                    0x00a8                  IPC2 = 0xa8
                    0x00a8                  _IPC2 = 0xa8
                    0x00a8                  _IPC2bits = 0xa8
                    0x00aa                  IPC3 = 0xaa
                    0x00aa                  _IPC3 = 0xaa
                    0x00aa                  _IPC3bits = 0xaa
                    0x00ac                  IPC4 = 0xac
                    0x00ac                  _IPC4 = 0xac
                    0x00ac                  _IPC4bits = 0xac
                    0x00ae                  IPC5 = 0xae
                    0x00ae                  _IPC5 = 0xae
                    0x00ae                  _IPC5bits = 0xae
                    0x00b0                  IPC6 = 0xb0
                    0x00b0                  _IPC6 = 0xb0
                    0x00b0                  _IPC6bits = 0xb0
                    0x00b2                  IPC7 = 0xb2
                    0x00b2                  _IPC7 = 0xb2
                    0x00b2                  _IPC7bits = 0xb2
                    0x00b4                  IPC8 = 0xb4
                    0x00b4                  _IPC8 = 0xb4
                    0x00b4                  _IPC8bits = 0xb4
                    0x00b6                  IPC9 = 0xb6
                    0x00b6                  _IPC9 = 0xb6
                    0x00b6                  _IPC9bits = 0xb6
                    0x00b8                  IPC10 = 0xb8
                    0x00b8                  _IPC10 = 0xb8
                    0x00b8                  _IPC10bits = 0xb8
                    0x00ba                  IPC11 = 0xba
                    0x00ba                  _IPC11 = 0xba
                    0x00ba                  _IPC11bits = 0xba
                    0x00bc                  IPC12 = 0xbc
                    0x00bc                  _IPC12 = 0xbc
                    0x00bc                  _IPC12bits = 0xbc
                    0x00c2                  IPC15 = 0xc2
                    0x00c2                  _IPC15 = 0xc2
                    0x00c2                  _IPC15bits = 0xc2
                    0x00c4                  IPC16 = 0xc4
                    0x00c4                  _IPC16 = 0xc4
                    0x00c4                  _IPC16bits = 0xc4
                    0x00c8                  IPC18 = 0xc8
                    0x00c8                  _IPC18 = 0xc8
                    0x00c8                  _IPC18bits = 0xc8
                    0x0100                  TMR1 = 0x100
                    0x0100                  _TMR1 = 0x100
                    0x0102                  PR1 = 0x102
                    0x0102                  _PR1 = 0x102
                    0x0104                  T1CON = 0x104
                    0x0104                  _T1CON = 0x104
                    0x0104                  _T1CONbits = 0x104
                    0x0106                  TMR2 = 0x106
                    0x0106                  _TMR2 = 0x106
                    0x0108                  TMR3HLD = 0x108
                    0x0108                  _TMR3HLD = 0x108
                    0x010a                  TMR3 = 0x10a
                    0x010a                  _TMR3 = 0x10a
                    0x010c                  PR2 = 0x10c
                    0x010c                  _PR2 = 0x10c
                    0x010e                  PR3 = 0x10e
                    0x010e                  _PR3 = 0x10e
                    0x0110                  T2CON = 0x110
                    0x0110                  _T2CON = 0x110
                    0x0110                  _T2CONbits = 0x110
                    0x0112                  T3CON = 0x112
                    0x0112                  _T3CON = 0x112
                    0x0112                  _T3CONbits = 0x112
                    0x0114                  TMR4 = 0x114
                    0x0114                  _TMR4 = 0x114
                    0x0116                  TMR5HLD = 0x116
                    0x0116                  _TMR5HLD = 0x116
                    0x0118                  TMR5 = 0x118
                    0x0118                  _TMR5 = 0x118
                    0x011a                  PR4 = 0x11a
                    0x011a                  _PR4 = 0x11a
                    0x011c                  PR5 = 0x11c
                    0x011c                  _PR5 = 0x11c
                    0x011e                  T4CON = 0x11e
                    0x011e                  _T4CON = 0x11e
                    0x011e                  _T4CONbits = 0x11e
                    0x0120                  T5CON = 0x120
                    0x0120                  _T5CON = 0x120
                    0x0120                  _T5CONbits = 0x120
                    0x0140                  IC1BUF = 0x140
                    0x0140                  _IC1BUF = 0x140
                    0x0142                  IC1CON = 0x142
                    0x0142                  _IC1CON = 0x142
                    0x0142                  _IC1CONbits = 0x142
                    0x0144                  IC2BUF = 0x144
                    0x0144                  _IC2BUF = 0x144
                    0x0146                  IC2CON = 0x146
                    0x0146                  _IC2CON = 0x146
                    0x0146                  _IC2CONbits = 0x146
                    0x0148                  IC3BUF = 0x148
                    0x0148                  _IC3BUF = 0x148
                    0x014a                  IC3CON = 0x14a
                    0x014a                  _IC3CON = 0x14a
                    0x014a                  _IC3CONbits = 0x14a
                    0x014c                  IC4BUF = 0x14c
                    0x014c                  _IC4BUF = 0x14c
                    0x014e                  IC4CON = 0x14e
                    0x014e                  _IC4CON = 0x14e
                    0x014e                  _IC4CONbits = 0x14e
                    0x0150                  IC5BUF = 0x150
                    0x0150                  _IC5BUF = 0x150
                    0x0152                  IC5CON = 0x152
                    0x0152                  _IC5CON = 0x152
                    0x0152                  _IC5CONbits = 0x152
                    0x0180                  OC1RS = 0x180
                    0x0180                  _OC1RS = 0x180
                    0x0182                  OC1R = 0x182
                    0x0182                  _OC1R = 0x182
                    0x0184                  OC1CON = 0x184
                    0x0184                  _OC1CON = 0x184
                    0x0184                  _OC1CONbits = 0x184
                    0x0186                  OC2RS = 0x186
                    0x0186                  _OC2RS = 0x186
                    0x0188                  OC2R = 0x188
                    0x0188                  _OC2R = 0x188
                    0x018a                  OC2CON = 0x18a
                    0x018a                  _OC2CON = 0x18a
                    0x018a                  _OC2CONbits = 0x18a
                    0x018c                  OC3RS = 0x18c
                    0x018c                  _OC3RS = 0x18c
                    0x018e                  OC3R = 0x18e
                    0x018e                  _OC3R = 0x18e
                    0x0190                  OC3CON = 0x190
                    0x0190                  _OC3CON = 0x190
                    0x0190                  _OC3CONbits = 0x190
                    0x0192                  OC4RS = 0x192
                    0x0192                  _OC4RS = 0x192
                    0x0194                  OC4R = 0x194
                    0x0194                  _OC4R = 0x194
                    0x0196                  OC4CON = 0x196
                    0x0196                  _OC4CON = 0x196
                    0x0196                  _OC4CONbits = 0x196
                    0x0198                  OC5RS = 0x198
                    0x0198                  _OC5RS = 0x198
                    0x019a                  OC5R = 0x19a
                    0x019a                  _OC5R = 0x19a
                    0x019c                  OC5CON = 0x19c
                    0x019c                  _OC5CON = 0x19c
                    0x019c                  _OC5CONbits = 0x19c
                    0x0200                  I2C1RCV = 0x200
                    0x0200                  _I2C1RCV = 0x200
                    0x0202                  I2C1TRN = 0x202
                    0x0202                  _I2C1TRN = 0x202
                    0x0204                  I2C1BRG = 0x204
                    0x0204                  _I2C1BRG = 0x204
                    0x0206                  I2C1CON = 0x206
                    0x0206                  _I2C1CON = 0x206
                    0x0206                  _I2C1CONbits = 0x206
                    0x0208                  I2C1STAT = 0x208
                    0x0208                  _I2C1STAT = 0x208
                    0x0208                  _I2C1STATbits = 0x208
                    0x020a                  I2C1ADD = 0x20a
                    0x020a                  _I2C1ADD = 0x20a
                    0x020c                  I2C1MSK = 0x20c
                    0x020c                  _I2C1MSK = 0x20c
                    0x0210                  I2C2RCV = 0x210
                    0x0210                  _I2C2RCV = 0x210
                    0x0212                  I2C2TRN = 0x212
                    0x0212                  _I2C2TRN = 0x212
                    0x0214                  I2C2BRG = 0x214
                    0x0214                  _I2C2BRG = 0x214
                    0x0216                  I2C2CON = 0x216
                    0x0216                  _I2C2CON = 0x216
                    0x0216                  _I2C2CONbits = 0x216
                    0x0218                  I2C2STAT = 0x218
                    0x0218                  _I2C2STAT = 0x218
                    0x0218                  _I2C2STATbits = 0x218
                    0x021a                  I2C2ADD = 0x21a
                    0x021a                  _I2C2ADD = 0x21a
                    0x021c                  I2C2MSK = 0x21c
                    0x021c                  _I2C2MSK = 0x21c
                    0x0220                  U1MODE = 0x220
                    0x0220                  _U1MODE = 0x220
                    0x0220                  _U1MODEbits = 0x220
                    0x0222                  U1STA = 0x222
                    0x0222                  _U1STA = 0x222
                    0x0222                  _U1STAbits = 0x222
                    0x0224                  U1TXREG = 0x224
                    0x0224                  _U1TXREG = 0x224
                    0x0226                  U1RXREG = 0x226
                    0x0226                  _U1RXREG = 0x226
                    0x0228                  U1BRG = 0x228
                    0x0228                  _U1BRG = 0x228
                    0x0230                  U2MODE = 0x230
                    0x0230                  _U2MODE = 0x230
                    0x0230                  _U2MODEbits = 0x230
                    0x0232                  U2STA = 0x232
                    0x0232                  _U2STA = 0x232
                    0x0232                  _U2STAbits = 0x232
                    0x0234                  U2TXREG = 0x234
                    0x0234                  _U2TXREG = 0x234
                    0x0236                  U2RXREG = 0x236
                    0x0236                  _U2RXREG = 0x236
                    0x0238                  U2BRG = 0x238
                    0x0238                  _U2BRG = 0x238
                    0x0240                  SPI1STAT = 0x240
                    0x0240                  _SPI1STAT = 0x240
                    0x0240                  _SPI1STATbits = 0x240
                    0x0242                  SPI1CON1 = 0x242
                    0x0242                  _SPI1CON1 = 0x242
                    0x0242                  _SPI1CON1bits = 0x242
                    0x0244                  SPI1CON2 = 0x244
                    0x0244                  _SPI1CON2 = 0x244
                    0x0244                  _SPI1CON2bits = 0x244
                    0x0248                  SPI1BUF = 0x248
                    0x0248                  _SPI1BUF = 0x248
                    0x0260                  SPI2STAT = 0x260
                    0x0260                  _SPI2STAT = 0x260
                    0x0260                  _SPI2STATbits = 0x260
                    0x0262                  SPI2CON1 = 0x262
                    0x0262                  _SPI2CON1 = 0x262
                    0x0262                  _SPI2CON1bits = 0x262
                    0x0264                  SPI2CON2 = 0x264
                    0x0264                  _SPI2CON2 = 0x264
                    0x0264                  _SPI2CON2bits = 0x264
                    0x0268                  SPI2BUF = 0x268
                    0x0268                  _SPI2BUF = 0x268
                    0x02c0                  TRISA = 0x2c0
                    0x02c0                  _TRISA = 0x2c0
                    0x02c0                  _TRISAbits = 0x2c0
                    0x02c2                  PORTA = 0x2c2
                    0x02c2                  _PORTA = 0x2c2
                    0x02c2                  _PORTAbits = 0x2c2
                    0x02c4                  LATA = 0x2c4
                    0x02c4                  _LATA = 0x2c4
                    0x02c4                  _LATAbits = 0x2c4
                    0x02c6                  ODCA = 0x2c6
                    0x02c6                  _ODCA = 0x2c6
                    0x02c6                  _ODCAbits = 0x2c6
                    0x02c8                  TRISB = 0x2c8
                    0x02c8                  _TRISB = 0x2c8
                    0x02c8                  _TRISBbits = 0x2c8
                    0x02ca                  PORTB = 0x2ca
                    0x02ca                  _PORTB = 0x2ca
                    0x02ca                  _PORTBbits = 0x2ca
                    0x02cc                  LATB = 0x2cc
                    0x02cc                  _LATB = 0x2cc
                    0x02cc                  _LATBbits = 0x2cc
                    0x02ce                  ODCB = 0x2ce
                    0x02ce                  _ODCB = 0x2ce
                    0x02ce                  _ODCBbits = 0x2ce
                    0x02d0                  TRISC = 0x2d0
                    0x02d0                  _TRISC = 0x2d0
                    0x02d0                  _TRISCbits = 0x2d0
                    0x02d2                  PORTC = 0x2d2
                    0x02d2                  _PORTC = 0x2d2
                    0x02d2                  _PORTCbits = 0x2d2
                    0x02d4                  LATC = 0x2d4
                    0x02d4                  _LATC = 0x2d4
                    0x02d4                  _LATCbits = 0x2d4
                    0x02d6                  ODCC = 0x2d6
                    0x02d6                  _ODCC = 0x2d6
                    0x02d6                  _ODCCbits = 0x2d6
                    0x02fc                  PADCFG1 = 0x2fc
                    0x02fc                  _PADCFG1 = 0x2fc
                    0x02fc                  _PADCFG1bits = 0x2fc
                    0x0300                  ADC1BUF0 = 0x300
                    0x0300                  _ADC1BUF0 = 0x300
                    0x0302                  ADC1BUF1 = 0x302
                    0x0302                  _ADC1BUF1 = 0x302
                    0x0304                  ADC1BUF2 = 0x304
                    0x0304                  _ADC1BUF2 = 0x304
                    0x0306                  ADC1BUF3 = 0x306
                    0x0306                  _ADC1BUF3 = 0x306
                    0x0308                  ADC1BUF4 = 0x308
                    0x0308                  _ADC1BUF4 = 0x308
                    0x030a                  ADC1BUF5 = 0x30a
                    0x030a                  _ADC1BUF5 = 0x30a
                    0x030c                  ADC1BUF6 = 0x30c
                    0x030c                  _ADC1BUF6 = 0x30c
                    0x030e                  ADC1BUF7 = 0x30e
                    0x030e                  _ADC1BUF7 = 0x30e
                    0x0310                  ADC1BUF8 = 0x310
                    0x0310                  _ADC1BUF8 = 0x310
                    0x0312                  ADC1BUF9 = 0x312
                    0x0312                  _ADC1BUF9 = 0x312
                    0x0314                  ADC1BUFA = 0x314
                    0x0314                  _ADC1BUFA = 0x314
                    0x0316                  ADC1BUFB = 0x316
                    0x0316                  _ADC1BUFB = 0x316
                    0x0318                  ADC1BUFC = 0x318
                    0x0318                  _ADC1BUFC = 0x318
                    0x031a                  ADC1BUFD = 0x31a
                    0x031a                  _ADC1BUFD = 0x31a
                    0x031c                  ADC1BUFE = 0x31c
                    0x031c                  _ADC1BUFE = 0x31c
                    0x031e                  ADC1BUFF = 0x31e
                    0x031e                  _ADC1BUFF = 0x31e
                    0x0320                  AD1CON1 = 0x320
                    0x0320                  _AD1CON1 = 0x320
                    0x0320                  _AD1CON1bits = 0x320
                    0x0322                  AD1CON2 = 0x322
                    0x0322                  _AD1CON2 = 0x322
                    0x0322                  _AD1CON2bits = 0x322
                    0x0324                  AD1CON3 = 0x324
                    0x0324                  _AD1CON3 = 0x324
                    0x0324                  _AD1CON3bits = 0x324
                    0x0328                  AD1CHS = 0x328
                    0x0328                  _AD1CHS = 0x328
                    0x0328                  _AD1CHSbits = 0x328
                    0x032c                  AD1PCFG = 0x32c
                    0x032c                  _AD1PCFG = 0x32c
                    0x032c                  _AD1PCFGbits = 0x32c
                    0x0330                  AD1CSSL = 0x330
                    0x0330                  _AD1CSSL = 0x330
                    0x0330                  _AD1CSSLbits = 0x330
                    0x0600                  PMCON = 0x600
                    0x0600                  _PMCON = 0x600
                    0x0600                  _PMCONbits = 0x600
                    0x0602                  PMMODE = 0x602
                    0x0602                  _PMMODE = 0x602
                    0x0602                  _PMMODEbits = 0x602
                    0x0604                  PMADDR = 0x604
                    0x0604                  _PMADDR = 0x604
                    0x0604                  _PMADDRbits = 0x604
                    0x0604                  PMDOUT1 = 0x604
                    0x0604                  _PMDOUT1 = 0x604
                    0x0604                  _PMDOUT1bits = 0x604
                    0x0606                  PMDOUT2 = 0x606
                    0x0606                  _PMDOUT2 = 0x606
                    0x0608                  PMDIN1 = 0x608
                    0x0608                  _PMDIN1 = 0x608
                    0x060a                  PMDIN2 = 0x60a
                    0x060a                  _PMDIN2 = 0x60a
                    0x060c                  PMAEN = 0x60c
                    0x060c                  _PMAEN = 0x60c
                    0x060c                  _PMAENbits = 0x60c
                    0x060e                  PMSTAT = 0x60e
                    0x060e                  _PMSTAT = 0x60e
                    0x060e                  _PMSTATbits = 0x60e
                    0x0620                  ALRMVAL = 0x620
                    0x0620                  _ALRMVAL = 0x620
                    0x0622                  ALCFGRPT = 0x622
                    0x0622                  _ALCFGRPT = 0x622
                    0x0622                  _ALCFGRPTbits = 0x622
                    0x0624                  RTCVAL = 0x624
                    0x0624                  _RTCVAL = 0x624
                    0x0626                  RCFGCAL = 0x626
                    0x0626                  _RCFGCAL = 0x626
                    0x0626                  _RCFGCALbits = 0x626
                    0x0630                  CMCON = 0x630
                    0x0630                  _CMCON = 0x630
                    0x0630                  _CMCONbits = 0x630
                    0x0632                  CVRCON = 0x632
                    0x0632                  _CVRCON = 0x632
                    0x0632                  _CVRCONbits = 0x632
                    0x0640                  CRCCON = 0x640
                    0x0640                  _CRCCON = 0x640
                    0x0640                  _CRCCONbits = 0x640
                    0x0642                  CRCXOR = 0x642
                    0x0642                  _CRCXOR = 0x642
                    0x0642                  _CRCXORbits = 0x642
                    0x0644                  CRCDAT = 0x644
                    0x0644                  _CRCDAT = 0x644
                    0x0646                  CRCWDAT = 0x646
                    0x0646                  _CRCWDAT = 0x646
                    0x0680                  RPINR0 = 0x680
                    0x0680                  _RPINR0 = 0x680
                    0x0680                  _RPINR0bits = 0x680
                    0x0682                  RPINR1 = 0x682
                    0x0682                  _RPINR1 = 0x682
                    0x0682                  _RPINR1bits = 0x682
                    0x0686                  RPINR3 = 0x686
                    0x0686                  _RPINR3 = 0x686
                    0x0686                  _RPINR3bits = 0x686
                    0x0688                  RPINR4 = 0x688
                    0x0688                  _RPINR4 = 0x688
                    0x0688                  _RPINR4bits = 0x688
                    0x068e                  RPINR7 = 0x68e
                    0x068e                  _RPINR7 = 0x68e
                    0x068e                  _RPINR7bits = 0x68e
                    0x0690                  RPINR8 = 0x690
                    0x0690                  _RPINR8 = 0x690
                    0x0690                  _RPINR8bits = 0x690
                    0x0692                  RPINR9 = 0x692
                    0x0692                  _RPINR9 = 0x692
                    0x0692                  _RPINR9bits = 0x692
                    0x0696                  RPINR11 = 0x696
                    0x0696                  _RPINR11 = 0x696
                    0x0696                  _RPINR11bits = 0x696
                    0x06a4                  RPINR18 = 0x6a4
                    0x06a4                  _RPINR18 = 0x6a4
                    0x06a4                  _RPINR18bits = 0x6a4
                    0x06a6                  RPINR19 = 0x6a6
                    0x06a6                  _RPINR19 = 0x6a6
                    0x06a6                  _RPINR19bits = 0x6a6
                    0x06a8                  RPINR20 = 0x6a8
                    0x06a8                  _RPINR20 = 0x6a8
                    0x06a8                  _RPINR20bits = 0x6a8
                    0x06aa                  RPINR21 = 0x6aa
                    0x06aa                  _RPINR21 = 0x6aa
                    0x06aa                  _RPINR21bits = 0x6aa
                    0x06ac                  RPINR22 = 0x6ac
                    0x06ac                  _RPINR22 = 0x6ac
                    0x06ac                  _RPINR22bits = 0x6ac
                    0x06ae                  RPINR23 = 0x6ae
                    0x06ae                  _RPINR23 = 0x6ae
                    0x06ae                  _RPINR23bits = 0x6ae
                    0x06c0                  RPOR0 = 0x6c0
                    0x06c0                  _RPOR0 = 0x6c0
                    0x06c0                  _RPOR0bits = 0x6c0
                    0x06c2                  RPOR1 = 0x6c2
                    0x06c2                  _RPOR1 = 0x6c2
                    0x06c2                  _RPOR1bits = 0x6c2
                    0x06c4                  RPOR2 = 0x6c4
                    0x06c4                  _RPOR2 = 0x6c4
                    0x06c4                  _RPOR2bits = 0x6c4
                    0x06c6                  RPOR3 = 0x6c6
                    0x06c6                  _RPOR3 = 0x6c6
                    0x06c6                  _RPOR3bits = 0x6c6
                    0x06c8                  RPOR4 = 0x6c8
                    0x06c8                  _RPOR4 = 0x6c8
                    0x06c8                  _RPOR4bits = 0x6c8
                    0x06ca                  RPOR5 = 0x6ca
                    0x06ca                  _RPOR5 = 0x6ca
                    0x06ca                  _RPOR5bits = 0x6ca
                    0x06cc                  RPOR6 = 0x6cc
                    0x06cc                  _RPOR6 = 0x6cc
                    0x06cc                  _RPOR6bits = 0x6cc
                    0x06ce                  RPOR7 = 0x6ce
                    0x06ce                  _RPOR7 = 0x6ce
                    0x06ce                  _RPOR7bits = 0x6ce
                    0x06d0                  RPOR8 = 0x6d0
                    0x06d0                  _RPOR8 = 0x6d0
                    0x06d0                  _RPOR8bits = 0x6d0
                    0x06d2                  RPOR9 = 0x6d2
                    0x06d2                  _RPOR9 = 0x6d2
                    0x06d2                  _RPOR9bits = 0x6d2
                    0x06d4                  RPOR10 = 0x6d4
                    0x06d4                  _RPOR10 = 0x6d4
                    0x06d4                  _RPOR10bits = 0x6d4
                    0x06d6                  RPOR11 = 0x6d6
                    0x06d6                  _RPOR11 = 0x6d6
                    0x06d6                  _RPOR11bits = 0x6d6
                    0x06d8                  RPOR12 = 0x6d8
                    0x06d8                  _RPOR12 = 0x6d8
                    0x06d8                  _RPOR12bits = 0x6d8
                    0x0740                  RCON = 0x740
                    0x0740                  _RCON = 0x740
                    0x0740                  _RCONbits = 0x740
                    0x0742                  OSCCON = 0x742
                    0x0742                  _OSCCON = 0x742
                    0x0742                  _OSCCONbits = 0x742
                    0x0742                  OSCCONL = 0x742
                    0x0742                  _OSCCONL = 0x742
                    0x0743                  OSCCONH = 0x743
                    0x0743                  _OSCCONH = 0x743
                    0x0744                  CLKDIV = 0x744
                    0x0744                  _CLKDIV = 0x744
                    0x0744                  _CLKDIVbits = 0x744
                    0x0748                  OSCTUN = 0x748
                    0x0748                  _OSCTUN = 0x748
                    0x0748                  _OSCTUNbits = 0x748
                    0x0760                  NVMCON = 0x760
                    0x0760                  _NVMCON = 0x760
                    0x0760                  _NVMCONbits = 0x760
                    0x0766                  NVMKEY = 0x766
                    0x0766                  _NVMKEY = 0x766
                    0x0770                  PMD1 = 0x770
                    0x0770                  _PMD1 = 0x770
                    0x0770                  _PMD1bits = 0x770
                    0x0772                  PMD2 = 0x772
                    0x0772                  _PMD2 = 0x772
                    0x0772                  _PMD2bits = 0x772
                    0x0774                  PMD3 = 0x774
                    0x0774                  _PMD3 = 0x774
                    0x0774                  _PMD3bits = 0x774
                    0x0140                  IC1 = 0x140
                    0x0140                  _IC1 = 0x140
                    0x0144                  IC2 = 0x144
                    0x0144                  _IC2 = 0x144
                    0x0148                  IC3 = 0x148
                    0x0148                  _IC3 = 0x148
                    0x014c                  IC4 = 0x14c
                    0x014c                  _IC4 = 0x14c
                    0x0150                  IC5 = 0x150
                    0x0150                  _IC5 = 0x150
                    0x0180                  OC1 = 0x180
                    0x0180                  _OC1 = 0x180
                    0x0186                  OC2 = 0x186
                    0x0186                  _OC2 = 0x186
                    0x018c                  OC3 = 0x18c
                    0x018c                  _OC3 = 0x18c
                    0x0192                  OC4 = 0x192
                    0x0192                  _OC4 = 0x192
                    0x0198                  OC5 = 0x198
                    0x0198                  _OC5 = 0x198
                    0x0240                  SPI1 = 0x240
                    0x0240                  _SPI1 = 0x240
                    0x0260                  SPI2 = 0x260
                    0x0260                  _SPI2 = 0x260
                    0x0220                  UART1 = 0x220
                    0x0220                  _UART1 = 0x220
                    0x0230                  UART2 = 0x230
                    0x0230                  _UART2 = 0x230
START GROUP
LOAD c:/program files (x86)/microchip/xc16/v1.26/bin/bin/../../lib\libpic30-elf.a
LOAD c:/program files (x86)/microchip/xc16/v1.26/bin/bin/../../lib\libm-elf.a
LOAD c:/program files (x86)/microchip/xc16/v1.26/bin/bin/../../lib\libc-elf.a
END GROUP
OUTPUT(dist/default/production/PIC24FJ64GA004.X.production.elf elf32-pic30)
LOAD default_isr
LOAD data_init
LOAD shared_data_init

.debug_pubtypes
                  0x000078        0x478
 .debug_pubtypes
                  0x000078         0xa9 build/default/production/main.o
 .debug_pubtypes
                  0x000121         0xcc build/default/production/UART.o
 .debug_pubtypes
                  0x0001ed        0x1ef build/default/production/Peripheral_pin_select.o
 .debug_pubtypes
                  0x0003dc         0x88 build/default/production/Timer.o
 .debug_pubtypes
                  0x000464         0x8c build/default/production/Light_Data.o

__c30_signature
                  0x0004f0        0x108
 __c30_signature
                  0x0004f0          0x6 build/default/production/main.o
 __c30_signature
                  0x0004f6          0x6 build/default/production/UART.o
 __c30_signature
                  0x0004fc          0x6 build/default/production/Peripheral_pin_select.o
 __c30_signature
                  0x000502          0x6 build/default/production/Timer.o
 __c30_signature
                  0x000508          0x6 build/default/production/Light_Data.o
 __c30_signature
                  0x00050e          0x6 c:/program files (x86)/microchip/xc16/v1.26/bin/bin/../../lib\libpic30-elf.a(crt0_standard.o)
 __c30_signature
                  0x000514          0x6 c:/program files (x86)/microchip/xc16/v1.26/bin/bin/../../lib\libpic30-elf.a(data_init_standard.o)
 __c30_signature
                  0x00051a          0x6 c:/program files (x86)/microchip/xc16/v1.26/bin/bin/../../lib\libpic30-elf.a(delay32.eo)
 __c30_signature
                  0x000520          0x6 c:/program files (x86)/microchip/xc16/v1.26/bin/bin/../../lib\libm-elf.a(divsi3.eo)
 __c30_signature
                  0x000526          0x6 c:/program files (x86)/microchip/xc16/v1.26/bin/bin/../../lib\libm-elf.a(floatunsisf.eo)
 __c30_signature
                  0x00052c          0x6 c:/program files (x86)/microchip/xc16/v1.26/bin/bin/../../lib\libm-elf.a(udivsi3.eo)
 __c30_signature
                  0x000532          0x6 c:/program files (x86)/microchip/xc16/v1.26/bin/bin/../../lib\libm-elf.a(floatundisf.eo)
 __c30_signature
                  0x000538          0x6 c:/program files (x86)/microchip/xc16/v1.26/bin/bin/../../lib\libm-elf.a(fpack.eo)
 __c30_signature
                  0x00053e          0x6 c:/program files (x86)/microchip/xc16/v1.26/bin/bin/../../lib\libc-elf.a(snprintf_fF.XXeo)
 __c30_signature
                  0x000544          0x6 c:/program files (x86)/microchip/xc16/v1.26/bin/bin/../../lib\libc-elf.a(vsnprintf_fF.XXeo)
 __c30_signature
                  0x00054a          0x6 c:/program files (x86)/microchip/xc16/v1.26/bin/bin/../../lib\libc-elf.a(doprnt_fF.XXeo)
 __c30_signature
                  0x000550          0x6 c:/program files (x86)/microchip/xc16/v1.26/bin/bin/../../lib\libc-elf.a(fputc.eo)
 __c30_signature
                  0x000556          0x6 c:/program files (x86)/microchip/xc16/v1.26/bin/bin/../../lib\libc-elf.a(powers.eo)
 __c30_signature
                  0x00055c          0x6 c:/program files (x86)/microchip/xc16/v1.26/bin/bin/../../lib\libc-elf.a(_iob.eo)
 __c30_signature
                  0x000562          0x6 c:/program files (x86)/microchip/xc16/v1.26/bin/bin/../../lib\libc-elf.a(flsbuf.eo)
 __c30_signature
                  0x000568          0x6 c:/program files (x86)/microchip/xc16/v1.26/bin/bin/../../lib\libpic30-elf.a(write.eo)
 __c30_signature
                  0x00056e          0x6 c:/program files (x86)/microchip/xc16/v1.26/bin/bin/../../lib\libpic30-elf.a(c30_uart.eo)
 __c30_signature
                  0x000574          0x6 c:/program files (x86)/microchip/xc16/v1.26/bin/bin/../../lib\libm-elf.a(adddf3.eo)
 __c30_signature
                  0x00057a          0x6 c:/program files (x86)/microchip/xc16/v1.26/bin/bin/../../lib\libm-elf.a(deqltle.eo)
 __c30_signature
                  0x000580          0x6 c:/program files (x86)/microchip/xc16/v1.26/bin/bin/../../lib\libm-elf.a(dgtge.eo)
 __c30_signature
                  0x000586          0x6 c:/program files (x86)/microchip/xc16/v1.26/bin/bin/../../lib\libm-elf.a(divdf3.eo)
 __c30_signature
                  0x00058c          0x6 c:/program files (x86)/microchip/xc16/v1.26/bin/bin/../../lib\libm-elf.a(dne.eo)
 __c30_signature
                  0x000592          0x6 c:/program files (x86)/microchip/xc16/v1.26/bin/bin/../../lib\libm-elf.a(dpack.eo)
 __c30_signature
                  0x000598          0x6 c:/program files (x86)/microchip/xc16/v1.26/bin/bin/../../lib\libm-elf.a(dunpack2.eo)
 __c30_signature
                  0x00059e          0x6 c:/program files (x86)/microchip/xc16/v1.26/bin/bin/../../lib\libm-elf.a(extendsfdf.eo)
 __c30_signature
                  0x0005a4          0x6 c:/program files (x86)/microchip/xc16/v1.26/bin/bin/../../lib\libm-elf.a(fixunsdfdi.eo)
 __c30_signature
                  0x0005aa          0x6 c:/program files (x86)/microchip/xc16/v1.26/bin/bin/../../lib\libm-elf.a(floatundidf.eo)
 __c30_signature
                  0x0005b0          0x6 c:/program files (x86)/microchip/xc16/v1.26/bin/bin/../../lib\libm-elf.a(frexp.eo)
 __c30_signature
                  0x0005b6          0x6 c:/program files (x86)/microchip/xc16/v1.26/bin/bin/../../lib\libm-elf.a(funpack.eo)
 __c30_signature
                  0x0005bc          0x6 c:/program files (x86)/microchip/xc16/v1.26/bin/bin/../../lib\libm-elf.a(muldf3.eo)
 __c30_signature
                  0x0005c2          0x6 c:/program files (x86)/microchip/xc16/v1.26/bin/bin/../../lib\libm-elf.a(subdf3.eo)
 __c30_signature
                  0x0005c8          0x6 c:/program files (x86)/microchip/xc16/v1.26/bin/bin/../../lib\libm-elf.a(mulsi3.eo)
 __c30_signature
                  0x0005ce          0x6 c:/program files (x86)/microchip/xc16/v1.26/bin/bin/../../lib\libm-elf.a(divmoddi3.eo)
 __c30_signature
                  0x0005d4          0x6 c:/program files (x86)/microchip/xc16/v1.26/bin/bin/../../lib\libm-elf.a(muldi3.eo)
 __c30_signature
                  0x0005da          0x6 c:/program files (x86)/microchip/xc16/v1.26/bin/bin/../../lib\libm-elf.a(dcompare.eo)
 __c30_signature
                  0x0005e0          0x6 c:/program files (x86)/microchip/xc16/v1.26/bin/bin/../../lib\libm-elf.a(dpropagateNaN.eo)
 __c30_signature
                  0x0005e6          0x6 c:/program files (x86)/microchip/xc16/v1.26/bin/bin/../../lib\libm-elf.a(dtype.eo)
 __c30_signature
                  0x0005ec          0x6 c:/program files (x86)/microchip/xc16/v1.26/bin/bin/../../lib\libm-elf.a(dunpack.eo)
 __c30_signature
                  0x0005f2          0x6 c:/program files (x86)/microchip/xc16/v1.26/bin/bin/../../lib\libm-elf.a(umuldi3.eo)

.ndata              0x0800          0x2
 .ndata             0x0800          0x2 build/default/production/main.o
                    0x0800                  _Fs

.data               0x0802        0x23e
 .data              0x0802        0x160 c:/program files (x86)/microchip/xc16/v1.26/bin/bin/../../lib\libc-elf.a(powers.eo)
                    0x0802                  __powers_
                    0x08b2                  __npowers_
 .data              0x0962         0xb8 c:/program files (x86)/microchip/xc16/v1.26/bin/bin/../../lib\libc-elf.a(doprnt_fF.XXeo)
 .data              0x0a1a         0x26 c:/program files (x86)/microchip/xc16/v1.26/bin/bin/../../lib\libc-elf.a(_iob.eo)
                    0x0a1a                  __iob
                    0x0a3e                  __Files

.bss                0x0a40          0x6
 .bss               0x0a40          0x6 c:/program files (x86)/microchip/xc16/v1.26/bin/bin/../../lib\libc-elf.a(_iob.eo)
                    0x0a40                  __outdone
                    0x0a41                  __sibuf
                    0x0a43                  __sobuf

.data               0x0a46          0x2
 .data              0x0a46          0x2 c:/program files (x86)/microchip/xc16/v1.26/bin/bin/../../lib\libpic30-elf.a(c30_uart.eo)
                    0x0a46                  ___C30_UART

.config_JTAGEN    0x00abfe          0x2
 .config_JTAGEN
                  0x00abfe          0x2 build/default/production/main.o

.config_IESO      0x00abfc          0x2
 .config_IESO     0x00abfc          0x2 build/default/production/main.o

.ivt._T1Interrupt
                  0x00001a          0x2
 .ivt._T1Interrupt
                  0x00001a          0x2 build/default/production/main.o

.ivt._INT1Interrupt
                  0x00003c          0x2
 .ivt._INT1Interrupt
                  0x00003c          0x2 build/default/production/main.o

.const              0x98ee          0xc load address 0x0018ee  
 .const             0x98ee          0x8 build/default/production/main.o
 .const             0x98f6          0x4 build/default/production/UART.o

.text             0x0018fa        0x218
 .text            0x0018fa        0x218 build/default/production/Peripheral_pin_select.o
                  0x0018fa                  _UART1_mapping
                  0x001ad0                  _ExtInterrupt1_mapping

.dinit            0x001b12        0x1ac
 .dinit           0x001b12        0x1ac data_init

.text             0x001cbe        0x25a
 .text            0x001cbe        0x124 build/default/production/UART.o
                  0x001cbe                  _UART1_init
                  0x001cfc                  _UART2_init
                  0x001d3a                  _UART1_write_byte
                  0x001d52                  _UART2_write_byte
                  0x001d6a                  _UART1_write_string
                  0x001d84                  _UART2_write_string
                  0x001d9e                  _UART1_write_number
                  0x001dc0                  _UART2_write_number
 .text            0x001de2         0xbe build/default/production/main.o
                  0x001de2                  _main
                  0x001e46                  __T1Interrupt
                  0x001e74                  __INT1Interrupt
 .text            0x001ea0         0x4a build/default/production/Timer.o
                  0x001ea0                  _Config_Timer1
 .text            0x001eea         0x2e build/default/production/Light_Data.o
                  0x001eea                  _Config_Light_Sensor
                  0x001f0c                  _Light_Sensor_Data_Receiving
                  0x001f12                  _Light_Sensor_Byte_Receiving

.init.delay32     0x001f18         0x1c
 .init.delay32    0x001f18         0x1c c:/program files (x86)/microchip/xc16/v1.26/bin/bin/../../lib\libpic30-elf.a(delay32.eo)
                  0x001f18                  ___delay32

.shared.dinit     0x001f34          0x2
 .shared.dinit    0x001f34          0x2 shared_data_init
